Archive member included to satisfy reference by file (symbol)

/home/pierre/gcc-arm-none-eabi-9-2019-q4-major/bin/../lib/gcc/arm-none-eabi/9.2.1/../../../../arm-none-eabi/lib/thumb/v7-m/nofp/libc.a(lib_a-memcpy.o)
                              nrf24.o (memcpy)
/home/pierre/gcc-arm-none-eabi-9-2019-q4-major/bin/../lib/gcc/arm-none-eabi/9.2.1/../../../../arm-none-eabi/lib/thumb/v7-m/nofp/libc.a(lib_a-strlen-stub.o)
                              miniprintf.o (strlen)
/home/pierre/gcc-arm-none-eabi-9-2019-q4-major/bin/../lib/gcc/arm-none-eabi/9.2.1/thumb/v7-m/nofp/libgcc.a(_arm_muldf3.o)
                              usart1.o (__aeabi_dmul)
/home/pierre/gcc-arm-none-eabi-9-2019-q4-major/bin/../lib/gcc/arm-none-eabi/9.2.1/thumb/v7-m/nofp/libgcc.a(_arm_mulsf3.o)
                              vesc/buffer.o (__aeabi_fmul)
/home/pierre/gcc-arm-none-eabi-9-2019-q4-major/bin/../lib/gcc/arm-none-eabi/9.2.1/thumb/v7-m/nofp/libgcc.a(_arm_addsubdf3.o)
                              usart1.o (__aeabi_dsub)
/home/pierre/gcc-arm-none-eabi-9-2019-q4-major/bin/../lib/gcc/arm-none-eabi/9.2.1/thumb/v7-m/nofp/libgcc.a(_arm_cmpdf2.o)
                              usart1.o (__aeabi_dcmpge)
/home/pierre/gcc-arm-none-eabi-9-2019-q4-major/bin/../lib/gcc/arm-none-eabi/9.2.1/thumb/v7-m/nofp/libgcc.a(_arm_fixdfsi.o)
                              usart1.o (__aeabi_d2iz)
/home/pierre/gcc-arm-none-eabi-9-2019-q4-major/bin/../lib/gcc/arm-none-eabi/9.2.1/thumb/v7-m/nofp/libgcc.a(_arm_addsubsf3.o)
                              usart3.o (__aeabi_fadd)
/home/pierre/gcc-arm-none-eabi-9-2019-q4-major/bin/../lib/gcc/arm-none-eabi/9.2.1/thumb/v7-m/nofp/libgcc.a(_arm_muldivsf3.o)
                              vesc/buffer.o (__aeabi_fdiv)
/home/pierre/gcc-arm-none-eabi-9-2019-q4-major/bin/../lib/gcc/arm-none-eabi/9.2.1/thumb/v7-m/nofp/libgcc.a(_arm_fixsfsi.o)
                              vesc/buffer.o (__aeabi_f2iz)
/home/pierre/stm32f103c8t6/libopencm3/lib/libopencm3_stm32f1.a(gpio.o)
                              main.o (gpio_set_mode)
/home/pierre/stm32f103c8t6/libopencm3/lib/libopencm3_stm32f1.a(rcc.o)
                              main.o (rcc_clock_setup_in_hse_8mhz_out_72mhz)
/home/pierre/stm32f103c8t6/libopencm3/lib/libopencm3_stm32f1.a(gpio_common_all.o)
                              spi2.o (gpio_set)
/home/pierre/stm32f103c8t6/libopencm3/lib/libopencm3_stm32f1.a(spi_common_all.o)
                              spi2.o (spi_reset)
/home/pierre/stm32f103c8t6/libopencm3/lib/libopencm3_stm32f1.a(spi_common_l1f124.o)
                              spi2.o (spi_init_master)
/home/pierre/stm32f103c8t6/libopencm3/lib/libopencm3_stm32f1.a(usart_common_all.o)
                              usart1.o (usart_set_baudrate)
/home/pierre/stm32f103c8t6/libopencm3/lib/libopencm3_stm32f1.a(usart_common_f124.o)
                              /home/pierre/stm32f103c8t6/libopencm3/lib/libopencm3_stm32f1.a(usart_common_all.o) (usart_send)
/home/pierre/stm32f103c8t6/libopencm3/lib/libopencm3_stm32f1.a(rcc_common_all.o)
                              main.o (rcc_periph_clock_enable)
/home/pierre/stm32f103c8t6/libopencm3/lib/libopencm3_stm32f1.a(exti_common_all.o)
                              main.o (exti_set_trigger)
/home/pierre/stm32f103c8t6/libopencm3/lib/libopencm3_stm32f1.a(flash_common_f01.o)
                              /home/pierre/stm32f103c8t6/libopencm3/lib/libopencm3_stm32f1.a(rcc.o) (flash_set_ws)
/home/pierre/stm32f103c8t6/libopencm3/lib/libopencm3_stm32f1.a(vector.o)
                              (reset_handler)
/home/pierre/stm32f103c8t6/libopencm3/lib/libopencm3_stm32f1.a(nvic.o)
                              main.o (nvic_enable_irq)
/home/pierre/stm32f103c8t6/libopencm3/lib/libopencm3_stm32f1.a(assert.o)
                              /home/pierre/stm32f103c8t6/libopencm3/lib/libopencm3_stm32f1.a(rcc.o) (cm3_assert_failed)
/home/pierre/stm32f103c8t6/libopencm3/lib/libopencm3_stm32f1.a(flash.o)
                              /home/pierre/stm32f103c8t6/libopencm3/lib/libopencm3_stm32f1.a(flash_common_f01.o) (flash_get_status_flags)

Discarded input sections

 .text          0x0000000000000000        0x0 main.o
 .data          0x0000000000000000        0x0 main.o
 .bss           0x0000000000000000        0x0 main.o
 .text          0x0000000000000000        0x0 usart1.o
 .data          0x0000000000000000        0x0 usart1.o
 .bss           0x0000000000000000        0x0 usart1.o
 .rodata.usart1_printDouble.str1.1
                0x0000000000000000        0x3 usart1.o
 .text.usart1_printDouble
                0x0000000000000000       0x74 usart1.o
 .bss.lenPayload_usart1
                0x0000000000000000        0x4 usart1.o
 .bss.payload_usart1
                0x0000000000000000        0xa usart1.o
 .text          0x0000000000000000        0x0 usart3.o
 .data          0x0000000000000000        0x0 usart3.o
 .bss           0x0000000000000000        0x0 usart3.o
 .text.usart3_putc
                0x0000000000000000        0xc usart3.o
 .text.usart3_printf
[...]
Memory Configuration

Name             Origin             Length             Attributes
rom              0x0000000008000000 0x0000000000010000 xr
ram              0x0000000020000000 0x0000000000005000 xrw
*default*        0x0000000000000000 0xffffffffffffffff

Linker script and memory map

LOAD main.o
LOAD usart1.o
LOAD usart3.o
LOAD spi2.o
LOAD nrf24.o
LOAD miniprintf.o
LOAD vesc/crc.o
LOAD vesc/buffer.o
LOAD vesc/vesc.o
LOAD rtos/heap_4.o
LOAD rtos/list.o
LOAD rtos/port.o
LOAD rtos/queue.o
LOAD rtos/tasks.o
LOAD rtos/opencm3.o
START GROUP
LOAD /home/pierre/gcc-arm-none-eabi-9-2019-q4-major/bin/../lib/gcc/arm-none-eabi/9.2.1/../../../../arm-none-eabi/lib/thumb/v7-m/nofp/libc.a
LOAD /home/pierre/gcc-arm-none-eabi-9-2019-q4-major/bin/../lib/gcc/arm-none-eabi/9.2.1/thumb/v7-m/nofp/libgcc.a
LOAD /home/pierre/gcc-arm-none-eabi-9-2019-q4-major/bin/../lib/gcc/arm-none-eabi/9.2.1/../../../../arm-none-eabi/lib/thumb/v7-m/nofp/libnosys.a
END GROUP
LOAD /home/pierre/stm32f103c8t6//rtos/libwwg/libwwg.a
LOAD /home/pierre/stm32f103c8t6/libopencm3/lib/libopencm3_stm32f1.a
START GROUP
LOAD /home/pierre/gcc-arm-none-eabi-9-2019-q4-major/bin/../lib/gcc/arm-none-eabi/9.2.1/thumb/v7-m/nofp/libgcc.a
LOAD /home/pierre/gcc-arm-none-eabi-9-2019-q4-major/bin/../lib/gcc/arm-none-eabi/9.2.1/../../../../arm-none-eabi/lib/thumb/v7-m/nofp/libc.a
END GROUP
START GROUP
LOAD /home/pierre/gcc-arm-none-eabi-9-2019-q4-major/bin/../lib/gcc/arm-none-eabi/9.2.1/thumb/v7-m/nofp/libgcc.a
LOAD /home/pierre/gcc-arm-none-eabi-9-2019-q4-major/bin/../lib/gcc/arm-none-eabi/9.2.1/../../../../arm-none-eabi/lib/thumb/v7-m/nofp/libc.a
LOAD /home/pierre/gcc-arm-none-eabi-9-2019-q4-major/bin/../lib/gcc/arm-none-eabi/9.2.1/../../../../arm-none-eabi/lib/thumb/v7-m/nofp/libnosys.a
END GROUP

.text           0x0000000008000000     0x3844
 *(.vectors)
 .vectors       0x0000000008000000      0x150 /home/pierre/stm32f103c8t6/libopencm3/lib/libopencm3_stm32f1.a(vector.o)
                0x0000000008000000                vector_table
 *(.text*)
 .text.task1    0x0000000008000150       0x20 main.o
 .text.exti0_isr
                0x0000000008000170       0x20 main.o
                0x0000000008000170                exti0_isr
 .text.startup.main
                0x0000000008000190      0x150 main.o
                0x0000000008000190                main
 .text.usart1_putc
                0x00000000080002e0        0xc usart1.o
                0x00000000080002e0                usart1_putc
 .text.usart1_printf
                0x00000000080002ec       0x4c usart1.o
                0x00000000080002ec                usart1_printf
 .text.usart1_setup
                0x0000000008000338       0x7c usart1.o
                0x0000000008000338                usart1_setup
 .text.usart3_setup
                0x00000000080003b4       0x8c usart3.o
                0x00000000080003b4                usart3_setup
 .text.usart3_isr
                0x0000000008000440       0x48 usart3.o
                0x0000000008000440                usart3_isr
 .text.usart3_task
                0x0000000008000488       0xb0 usart3.o
                0x0000000008000488                usart3_task
 .text.init_spi2
                0x0000000008000538       0x70 spi2.o
                0x0000000008000538                init_spi2
 .text.set_ce.part.0
                0x00000000080005a8        0xc nrf24.o
 .text.set_csn.part.0
                0x00000000080005b4       0x10 nrf24.o
 .text.spi_transfer
                0x00000000080005c4       0x14 nrf24.o
                0x00000000080005c4                spi_transfer
 .text.set_ce   0x00000000080005d8       0x14 nrf24.o
                0x00000000080005d8                set_ce
 .text.set_csn  0x00000000080005ec       0x14 nrf24.o
                0x00000000080005ec                set_csn
 .text.nrf24_transferSync
                0x0000000008000600       0x1c nrf24.o
                0x0000000008000600                nrf24_transferSync
 .text.nrf24_transmitSync
                0x000000000800061c       0x16 nrf24.o
                0x000000000800061c                nrf24_transmitSync
 .text.nrf24_configRegister
                0x0000000008000632       0x26 nrf24.o
                0x0000000008000632                nrf24_configRegister
 .text.nrf24_readRegister
                0x0000000008000658       0x28 nrf24.o
                0x0000000008000658                nrf24_readRegister
 .text.nrf24_writeRegister
                0x0000000008000680       0x2a nrf24.o
                0x0000000008000680                nrf24_writeRegister
 .text.nrf24_powerUpRx
                0x00000000080006aa       0x30 nrf24.o
                0x00000000080006aa                nrf24_powerUpRx
 .text.nrf24_rx_address
                0x00000000080006da       0x1c nrf24.o
                0x00000000080006da                nrf24_rx_address
 .text.nrf24_tx_address
                0x00000000080006f6        0xa nrf24.o
                0x00000000080006f6                nrf24_tx_address
 .text.nrf24_rxFifoEmpty
                0x0000000008000700       0x1c nrf24.o
                0x0000000008000700                nrf24_rxFifoEmpty
 .text.nrf24_getData
                0x000000000800071c       0x2c nrf24.o
                0x000000000800071c                nrf24_getData
 .text.nrf24_retransmissionCount
                0x0000000008000748       0x1c nrf24.o
                0x0000000008000748                nrf24_retransmissionCount
 .text.nrf24_getStatus
                0x0000000008000764       0x18 nrf24.o
                0x0000000008000764                nrf24_getStatus
 .text.nrf24_dataReady
                0x000000000800077c       0x1a nrf24.o
                0x000000000800077c                nrf24_dataReady
 .text.nrf24_isSending
                0x0000000008000796       0x12 nrf24.o
                0x0000000008000796                nrf24_isSending
 .text.nrf24_lastMessageStatus
                0x00000000080007a8       0x1a nrf24.o
                0x00000000080007a8                nrf24_lastMessageStatus
 .text.nrf24_powerUpTx
                0x00000000080007c2       0x16 nrf24.o
                0x00000000080007c2                nrf24_powerUpTx
 .text.nrf24_send
                0x00000000080007d8       0x40 nrf24.o
                0x00000000080007d8                nrf24_send
 .text.nrf24_enableDynamicPayload
                0x0000000008000818       0x16 nrf24.o
                0x0000000008000818                nrf24_enableDynamicPayload
 .text.nrf24_config
                0x000000000800082e       0x6e nrf24.o
                0x000000000800082e                nrf24_config
 .text.getAvailablePaySize
                0x000000000800089c       0x34 nrf24.o
                0x000000000800089c                getAvailablePaySize
 .text.nrf24_enableOnRX_interupt
                0x00000000080008d0       0x1e nrf24.o
                0x00000000080008d0                nrf24_enableOnRX_interupt
 .text.clearTable
                0x00000000080008ee       0x10 nrf24.o
                0x00000000080008ee                clearTable
 *fill*         0x00000000080008fe        0x2 
 .text.printTable
                0x0000000008000900       0x20 nrf24.o
                0x0000000008000900                printTable
 .text.nrf24_displayConfiguration
                0x0000000008000920      0x3e4 nrf24.o
                0x0000000008000920                nrf24_displayConfiguration
 .text.nrf24_RX
                0x0000000008000d04      0x16c nrf24.o
                0x0000000008000d04                nrf24_RX
 .text.mini_write
                0x0000000008000e70       0x16 miniprintf.o
 .text.mini_putc
                0x0000000008000e86       0x2a miniprintf.o
 .text.mini_pad
                0x0000000008000eb0       0x24 miniprintf.o
 .text.internal_vprintf
                0x0000000008000ed4      0x16c miniprintf.o
 .text.mini_vprintf_cooked
                0x0000000008001040       0x30 miniprintf.o
                0x0000000008001040                mini_vprintf_cooked
 .text.crc16    0x0000000008001070       0x28 vesc/crc.o
                0x0000000008001070                crc16
 .text.buffer_append_int32
                0x0000000008001098       0x2a vesc/buffer.o
                0x0000000008001098                buffer_append_int32
 .text.buffer_get_int16
                0x00000000080010c2       0x14 vesc/buffer.o
                0x00000000080010c2                buffer_get_int16
 .text.buffer_get_int32
                0x00000000080010d6       0x20 vesc/buffer.o
                0x00000000080010d6                buffer_get_int32
 .text.buffer_get_float16
                0x00000000080010f6       0x16 vesc/buffer.o
                0x00000000080010f6                buffer_get_float16
 .text.buffer_get_float32
                0x000000000800110c       0x16 vesc/buffer.o
                0x000000000800110c                buffer_get_float32
 .text.buffer_append_bool
                0x0000000008001122       0x18 vesc/buffer.o
                0x0000000008001122                buffer_append_bool
 *fill*         0x000000000800113a        0x2 
 .text.packSendPayload
                0x000000000800113c       0x98 vesc/vesc.o
                0x000000000800113c                packSendPayload
 .text.processReadPacket
                0x00000000080011d4       0x9c vesc/vesc.o
                0x00000000080011d4                processReadPacket
 .text.setNunchuckValues
                0x0000000008001270       0x64 vesc/vesc.o
                0x0000000008001270                setNunchuckValues
 .text.VescUartSetRPM
                0x00000000080012d4       0x26 vesc/vesc.o
                0x00000000080012d4                VescUartSetRPM
 .text.VescUartSetRPMfwd
                0x00000000080012fa       0x30 vesc/vesc.o
                0x00000000080012fa                VescUartSetRPMfwd
 .text.unpackMessage
                0x000000000800132a       0x1a vesc/vesc.o
                0x000000000800132a                unpackMessage
 .text.getVescValues
                0x0000000008001344       0x5c vesc/vesc.o
                0x0000000008001344                getVescValues
 .text.getVescValuesfwd
                0x00000000080013a0       0x68 vesc/vesc.o
                0x00000000080013a0                getVescValuesfwd
 .text.prvInsertBlockIntoFreeList
                0x0000000008001408       0x48 rtos/heap_4.o
 .text.pvPortMalloc
                0x0000000008001450       0xe8 rtos/heap_4.o
                0x0000000008001450                pvPortMalloc
 .text.vPortFree
                0x0000000008001538       0x4c rtos/heap_4.o
                0x0000000008001538                vPortFree
 .text.vListInitialise
                0x0000000008001584       0x16 rtos/list.o
                0x0000000008001584                vListInitialise
 .text.vListInitialiseItem
                0x000000000800159a        0x6 rtos/list.o
                0x000000000800159a                vListInitialiseItem
 .text.vListInsertEnd
                0x00000000080015a0       0x18 rtos/list.o
                0x00000000080015a0                vListInsertEnd
 .text.vListInsert
                0x00000000080015b8       0x2e rtos/list.o
                0x00000000080015b8                vListInsert
 .text.uxListRemove
                0x00000000080015e6       0x20 rtos/list.o
                0x00000000080015e6                uxListRemove
 .text.prvTaskExitError
                0x0000000008001606       0x20 rtos/port.o
 *fill*         0x0000000008001626        0x2 
 .text.prvPortStartFirstTask
                0x0000000008001628       0x20 rtos/port.o
 .text.pxPortInitialiseStack
                0x0000000008001648       0x24 rtos/port.o
                0x0000000008001648                pxPortInitialiseStack
 *fill*         0x000000000800166c        0x4 
 .text.vPortSVCHandler
                0x0000000008001670       0x24 rtos/port.o
                0x0000000008001670                vPortSVCHandler
 .text.vPortEnterCritical
                0x0000000008001694       0x20 rtos/port.o
                0x0000000008001694                vPortEnterCritical
 .text.vPortExitCritical
                0x00000000080016b4       0x14 rtos/port.o
                0x00000000080016b4                vPortExitCritical
 *fill*         0x00000000080016c8        0x8 
 .text.xPortPendSVHandler
                0x00000000080016d0       0x44 rtos/port.o
                0x00000000080016d0                xPortPendSVHandler
 .text.xPortSysTickHandler
                0x0000000008001714       0x2c rtos/port.o
                0x0000000008001714                xPortSysTickHandler
 .text.vPortSetupTimerInterrupt
                0x0000000008001740       0x24 rtos/port.o
                0x0000000008001740                vPortSetupTimerInterrupt
 .text.xPortStartScheduler
                0x0000000008001764       0x38 rtos/port.o
                0x0000000008001764                xPortStartScheduler
 .text.prvIsQueueEmpty
                0x000000000800179c       0x16 rtos/queue.o
 .text.prvCopyDataToQueue
                0x00000000080017b2       0x6a rtos/queue.o
 .text.prvUnlockQueue
                0x000000000800181c       0x70 rtos/queue.o
 .text.xQueueGenericReset
                0x000000000800188c       0x6c rtos/queue.o
                0x000000000800188c                xQueueGenericReset
 .text.xQueueGenericCreate
                0x00000000080018f8       0x2e rtos/queue.o
                0x00000000080018f8                xQueueGenericCreate
 *fill*         0x0000000008001926        0x2 
 .text.xQueueGenericSend
                0x0000000008001928      0x104 rtos/queue.o
                0x0000000008001928                xQueueGenericSend
 .text.xQueueCreateMutex
                0x0000000008001a2c       0x24 rtos/queue.o
                0x0000000008001a2c                xQueueCreateMutex
 .text.xQueueSemaphoreTake
                0x0000000008001a50      0x128 rtos/queue.o
                0x0000000008001a50                xQueueSemaphoreTake
 .text.prvResetNextTaskUnblockTime
                0x0000000008001b78       0x24 rtos/tasks.o
 .text.prvAddCurrentTaskToDelayedList
                0x0000000008001b9c       0x8c rtos/tasks.o
 .text.prvIdleTask
                0x0000000008001c28       0x6c rtos/tasks.o
 .text.xTaskCreate
                0x0000000008001c94      0x1b8 rtos/tasks.o
                0x0000000008001c94                xTaskCreate
 .text.vTaskStartScheduler
                0x0000000008001e4c       0x60 rtos/tasks.o
                0x0000000008001e4c                vTaskStartScheduler
 .text.vTaskSuspendAll
                0x0000000008001eac       0x10 rtos/tasks.o
                0x0000000008001eac                vTaskSuspendAll
 .text.xTaskIncrementTick
                0x0000000008001ebc      0x10c rtos/tasks.o
                0x0000000008001ebc                xTaskIncrementTick
 .text.xTaskResumeAll
                0x0000000008001fc8       0xd8 rtos/tasks.o
                0x0000000008001fc8                xTaskResumeAll
 .text.vTaskDelay
                0x00000000080020a0       0x30 rtos/tasks.o
                0x00000000080020a0                vTaskDelay
 .text.vTaskSwitchContext
                0x00000000080020d0       0x60 rtos/tasks.o
                0x00000000080020d0                vTaskSwitchContext
 .text.vTaskPlaceOnEventList
                0x0000000008002130       0x20 rtos/tasks.o
                0x0000000008002130                vTaskPlaceOnEventList
 .text.xTaskRemoveFromEventList
                0x0000000008002150       0x70 rtos/tasks.o
                0x0000000008002150                xTaskRemoveFromEventList
 .text.vTaskInternalSetTimeOutState
                0x00000000080021c0       0x18 rtos/tasks.o
                0x00000000080021c0                vTaskInternalSetTimeOutState
 .text.xTaskCheckForTimeOut
                0x00000000080021d8       0x50 rtos/tasks.o
                0x00000000080021d8                xTaskCheckForTimeOut
 .text.vTaskMissedYield
                0x0000000008002228        0xc rtos/tasks.o
                0x0000000008002228                vTaskMissedYield
 .text.xTaskPriorityInherit
                0x0000000008002234       0xa4 rtos/tasks.o
                0x0000000008002234                xTaskPriorityInherit
 .text.xTaskPriorityDisinherit
                0x00000000080022d8       0x70 rtos/tasks.o
                0x00000000080022d8                xTaskPriorityDisinherit
 .text.vTaskPriorityDisinheritAfterTimeout
                0x0000000008002348       0x7c rtos/tasks.o
                0x0000000008002348                vTaskPriorityDisinheritAfterTimeout
 .text.pvTaskIncrementMutexHeldCount
                0x00000000080023c4       0x18 rtos/tasks.o
                0x00000000080023c4                pvTaskIncrementMutexHeldCount
 .text.ulTaskNotifyTake
                0x00000000080023dc       0x64 rtos/tasks.o
                0x00000000080023dc                ulTaskNotifyTake
 .text.vTaskNotifyGiveFromISR
                0x0000000008002440       0x9c rtos/tasks.o
                0x0000000008002440                vTaskNotifyGiveFromISR
 .text.sv_call_handler
                0x00000000080024dc        0x4 rtos/opencm3.o
                0x00000000080024dc                sv_call_handler
 .text.pend_sv_handler
                0x00000000080024e0        0x4 rtos/opencm3.o
                0x00000000080024e0                pend_sv_handler
 .text.sys_tick_handler
                0x00000000080024e4        0x4 rtos/opencm3.o
                0x00000000080024e4                sys_tick_handler
 .text          0x00000000080024e8       0xec /home/pierre/gcc-arm-none-eabi-9-2019-q4-major/bin/../lib/gcc/arm-none-eabi/9.2.1/../../../../arm-none-eabi/lib/thumb/v7-m/nofp/libc.a(lib_a-memcpy.o)
                0x00000000080024e8                memcpy
 .text.strlen   0x00000000080025d4       0x5c /home/pierre/gcc-arm-none-eabi-9-2019-q4-major/bin/../lib/gcc/arm-none-eabi/9.2.1/../../../../arm-none-eabi/lib/thumb/v7-m/nofp/libc.a(lib_a-strlen-stub.o)
                0x00000000080025d4                strlen
 .text          0x0000000008002630      0x21c /home/pierre/gcc-arm-none-eabi-9-2019-q4-major/bin/../lib/gcc/arm-none-eabi/9.2.1/thumb/v7-m/nofp/libgcc.a(_arm_addsubsf3.o)
                0x0000000008002630                __aeabi_frsub
                0x0000000008002638                __subsf3
                0x0000000008002638                __aeabi_fsub
                0x000000000800263c                __aeabi_fadd
                0x000000000800263c                __addsf3
                0x000000000800279c                __aeabi_ui2f
                0x000000000800279c                __floatunsisf
                0x00000000080027a4                __aeabi_i2f
                0x00000000080027a4                __floatsisf
                0x00000000080027c0                __floatundisf
                0x00000000080027c0                __aeabi_ul2f
                0x00000000080027d0                __floatdisf
                0x00000000080027d0                __aeabi_l2f
 .text          0x000000000800284c      0x2a0 /home/pierre/gcc-arm-none-eabi-9-2019-q4-major/bin/../lib/gcc/arm-none-eabi/9.2.1/thumb/v7-m/nofp/libgcc.a(_arm_muldivsf3.o)
                0x000000000800284c                __mulsf3
                0x000000000800284c                __aeabi_fmul
                0x00000000080029b4                __divsf3
                0x00000000080029b4                __aeabi_fdiv
 .text.gpio_set_mode
                0x0000000008002aec       0x5e /home/pierre/stm32f103c8t6/libopencm3/lib/libopencm3_stm32f1.a(gpio.o)
                0x0000000008002aec                gpio_set_mode
 *fill*         0x0000000008002b4a        0x2 
 .text.rcc_osc_on.part.0
                0x0000000008002b4c       0x10 /home/pierre/stm32f103c8t6/libopencm3/lib/libopencm3_stm32f1.a(rcc.o)
 .text.rcc_is_osc_ready
                0x0000000008002b5c       0x5c /home/pierre/stm32f103c8t6/libopencm3/lib/libopencm3_stm32f1.a(rcc.o)
                0x0000000008002b5c                rcc_is_osc_ready
 .text.rcc_wait_for_osc_ready
                0x0000000008002bb8       0x10 /home/pierre/stm32f103c8t6/libopencm3/lib/libopencm3_stm32f1.a(rcc.o)
                0x0000000008002bb8                rcc_wait_for_osc_ready
 .text.rcc_osc_on
                0x0000000008002bc8       0x54 /home/pierre/stm32f103c8t6/libopencm3/lib/libopencm3_stm32f1.a(rcc.o)
                0x0000000008002bc8                rcc_osc_on
 .text.rcc_set_sysclk_source
                0x0000000008002c1c       0x14 /home/pierre/stm32f103c8t6/libopencm3/lib/libopencm3_stm32f1.a(rcc.o)
                0x0000000008002c1c                rcc_set_sysclk_source
 .text.rcc_set_pll_multiplication_factor
                0x0000000008002c30       0x14 /home/pierre/stm32f103c8t6/libopencm3/lib/libopencm3_stm32f1.a(rcc.o)
                0x0000000008002c30                rcc_set_pll_multiplication_factor
 .text.rcc_set_pll_source
                0x0000000008002c44       0x14 /home/pierre/stm32f103c8t6/libopencm3/lib/libopencm3_stm32f1.a(rcc.o)
                0x0000000008002c44                rcc_set_pll_source
 .text.rcc_set_pllxtpre
                0x0000000008002c58       0x14 /home/pierre/stm32f103c8t6/libopencm3/lib/libopencm3_stm32f1.a(rcc.o)
                0x0000000008002c58                rcc_set_pllxtpre
 .text.rcc_set_adcpre
                0x0000000008002c6c       0x14 /home/pierre/stm32f103c8t6/libopencm3/lib/libopencm3_stm32f1.a(rcc.o)
                0x0000000008002c6c                rcc_set_adcpre
 .text.rcc_set_ppre2
                0x0000000008002c80       0x14 /home/pierre/stm32f103c8t6/libopencm3/lib/libopencm3_stm32f1.a(rcc.o)
                0x0000000008002c80                rcc_set_ppre2
 .text.rcc_set_ppre1
                0x0000000008002c94       0x14 /home/pierre/stm32f103c8t6/libopencm3/lib/libopencm3_stm32f1.a(rcc.o)
                0x0000000008002c94                rcc_set_ppre1
 .text.rcc_set_hpre
                0x0000000008002ca8       0x14 /home/pierre/stm32f103c8t6/libopencm3/lib/libopencm3_stm32f1.a(rcc.o)
                0x0000000008002ca8                rcc_set_hpre
 .text.rcc_clock_setup_in_hse_8mhz_out_72mhz
                0x0000000008002cbc       0x8c /home/pierre/stm32f103c8t6/libopencm3/lib/libopencm3_stm32f1.a(rcc.o)
                0x0000000008002cbc                rcc_clock_setup_in_hse_8mhz_out_72mhz
 .text.gpio_set
                0x0000000008002d48        0x4 /home/pierre/stm32f103c8t6/libopencm3/lib/libopencm3_stm32f1.a(gpio_common_all.o)
                0x0000000008002d48                gpio_set
 .text.gpio_clear
                0x0000000008002d4c        0x6 /home/pierre/stm32f103c8t6/libopencm3/lib/libopencm3_stm32f1.a(gpio_common_all.o)
                0x0000000008002d4c                gpio_clear
 .text.gpio_toggle
                0x0000000008002d52       0x12 /home/pierre/stm32f103c8t6/libopencm3/lib/libopencm3_stm32f1.a(gpio_common_all.o)
                0x0000000008002d52                gpio_toggle
 .text.spi_reset
                0x0000000008002d64       0x30 /home/pierre/stm32f103c8t6/libopencm3/lib/libopencm3_stm32f1.a(spi_common_all.o)
                0x0000000008002d64                spi_reset
 .text.spi_enable
                0x0000000008002d94        0xa /home/pierre/stm32f103c8t6/libopencm3/lib/libopencm3_stm32f1.a(spi_common_all.o)
                0x0000000008002d94                spi_enable
 .text.spi_xfer
                0x0000000008002d9e        0xe /home/pierre/stm32f103c8t6/libopencm3/lib/libopencm3_stm32f1.a(spi_common_all.o)
                0x0000000008002d9e                spi_xfer
 .text.spi_disable_software_slave_management
                0x0000000008002dac        0xa /home/pierre/stm32f103c8t6/libopencm3/lib/libopencm3_stm32f1.a(spi_common_all.o)
                0x0000000008002dac                spi_disable_software_slave_management
 .text.spi_init_master
                0x0000000008002db6       0x28 /home/pierre/stm32f103c8t6/libopencm3/lib/libopencm3_stm32f1.a(spi_common_l1f124.o)
                0x0000000008002db6                spi_init_master
 *fill*         0x0000000008002dde        0x2 
 .text.usart_set_baudrate
                0x0000000008002de0       0x28 /home/pierre/stm32f103c8t6/libopencm3/lib/libopencm3_stm32f1.a(usart_common_all.o)
                0x0000000008002de0                usart_set_baudrate
 .text.usart_set_databits
                0x0000000008002e08       0x12 /home/pierre/stm32f103c8t6/libopencm3/lib/libopencm3_stm32f1.a(usart_common_all.o)
                0x0000000008002e08                usart_set_databits
 .text.usart_set_stopbits
                0x0000000008002e1a        0xc /home/pierre/stm32f103c8t6/libopencm3/lib/libopencm3_stm32f1.a(usart_common_all.o)
                0x0000000008002e1a                usart_set_stopbits
 .text.usart_set_parity
                0x0000000008002e26        0xc /home/pierre/stm32f103c8t6/libopencm3/lib/libopencm3_stm32f1.a(usart_common_all.o)
                0x0000000008002e26                usart_set_parity
 .text.usart_set_mode
                0x0000000008002e32        0xc /home/pierre/stm32f103c8t6/libopencm3/lib/libopencm3_stm32f1.a(usart_common_all.o)
                0x0000000008002e32                usart_set_mode
 .text.usart_set_flow_control
                0x0000000008002e3e        0xc /home/pierre/stm32f103c8t6/libopencm3/lib/libopencm3_stm32f1.a(usart_common_all.o)
                0x0000000008002e3e                usart_set_flow_control
 .text.usart_enable
                0x0000000008002e4a        0xa /home/pierre/stm32f103c8t6/libopencm3/lib/libopencm3_stm32f1.a(usart_common_all.o)
                0x0000000008002e4a                usart_enable
 .text.usart_send_blocking
                0x0000000008002e54       0x16 /home/pierre/stm32f103c8t6/libopencm3/lib/libopencm3_stm32f1.a(usart_common_all.o)
                0x0000000008002e54                usart_send_blocking
 .text.usart_recv_blocking
                0x0000000008002e6a       0x12 /home/pierre/stm32f103c8t6/libopencm3/lib/libopencm3_stm32f1.a(usart_common_all.o)
                0x0000000008002e6a                usart_recv_blocking
 .text.usart_enable_rx_interrupt
                0x0000000008002e7c        0xa /home/pierre/stm32f103c8t6/libopencm3/lib/libopencm3_stm32f1.a(usart_common_all.o)
                0x0000000008002e7c                usart_enable_rx_interrupt
 .text.usart_send
                0x0000000008002e86        0x8 /home/pierre/stm32f103c8t6/libopencm3/lib/libopencm3_stm32f1.a(usart_common_f124.o)
                0x0000000008002e86                usart_send
 .text.usart_recv
                0x0000000008002e8e        0x8 /home/pierre/stm32f103c8t6/libopencm3/lib/libopencm3_stm32f1.a(usart_common_f124.o)
                0x0000000008002e8e                usart_recv
 .text.usart_wait_send_ready
                0x0000000008002e96        0x8 /home/pierre/stm32f103c8t6/libopencm3/lib/libopencm3_stm32f1.a(usart_common_f124.o)
                0x0000000008002e96                usart_wait_send_ready
 .text.usart_wait_recv_ready
                0x0000000008002e9e        0x8 /home/pierre/stm32f103c8t6/libopencm3/lib/libopencm3_stm32f1.a(usart_common_f124.o)
                0x0000000008002e9e                usart_wait_recv_ready
 .text.rcc_periph_clock_enable
                0x0000000008002ea6       0x1c /home/pierre/stm32f103c8t6/libopencm3/lib/libopencm3_stm32f1.a(rcc_common_all.o)
                0x0000000008002ea6                rcc_periph_clock_enable
 .text.rcc_periph_reset_pulse
                0x0000000008002ec2       0x24 /home/pierre/stm32f103c8t6/libopencm3/lib/libopencm3_stm32f1.a(rcc_common_all.o)
                0x0000000008002ec2                rcc_periph_reset_pulse
 *fill*         0x0000000008002ee6        0x2 
 .text.exti_set_trigger
                0x0000000008002ee8       0x38 /home/pierre/stm32f103c8t6/libopencm3/lib/libopencm3_stm32f1.a(exti_common_all.o)
                0x0000000008002ee8                exti_set_trigger
 .text.exti_enable_request
                0x0000000008002f20       0x14 /home/pierre/stm32f103c8t6/libopencm3/lib/libopencm3_stm32f1.a(exti_common_all.o)
                0x0000000008002f20                exti_enable_request
 .text.exti_reset_request
                0x0000000008002f34        0xc /home/pierre/stm32f103c8t6/libopencm3/lib/libopencm3_stm32f1.a(exti_common_all.o)
                0x0000000008002f34                exti_reset_request
 .text.exti_select_source
                0x0000000008002f40       0xa0 /home/pierre/stm32f103c8t6/libopencm3/lib/libopencm3_stm32f1.a(exti_common_all.o)
                0x0000000008002f40                exti_select_source
 .text.flash_set_ws
                0x0000000008002fe0       0x14 /home/pierre/stm32f103c8t6/libopencm3/lib/libopencm3_stm32f1.a(flash_common_f01.o)
                0x0000000008002fe0                flash_set_ws
 .text.blocking_handler
                0x0000000008002ff4        0x2 /home/pierre/stm32f103c8t6/libopencm3/lib/libopencm3_stm32f1.a(vector.o)
                0x0000000008002ff4                rtc_isr
                0x0000000008002ff4                tim7_isr
                0x0000000008002ff4                adc1_2_isr
                0x0000000008002ff4                tim1_trg_com_isr
                0x0000000008002ff4                usb_hp_can_tx_isr
                0x0000000008002ff4                tim6_isr
                0x0000000008002ff4                usb_wakeup_isr
                0x0000000008002ff4                blocking_handler
                0x0000000008002ff4                tim5_isr
                0x0000000008002ff4                otg_fs_isr
                0x0000000008002ff4                spi1_isr
                0x0000000008002ff4                exti2_isr
                0x0000000008002ff4                dma1_channel6_isr
                0x0000000008002ff4                can_rx1_isr
                0x0000000008002ff4                dma1_channel5_isr
                0x0000000008002ff4                dma2_channel5_isr
                0x0000000008002ff4                usart1_isr
                0x0000000008002ff4                usage_fault_handler
                0x0000000008002ff4                tim8_trg_com_isr
                0x0000000008002ff4                can2_rx0_isr
                0x0000000008002ff4                tim1_brk_isr
                0x0000000008002ff4                can2_rx1_isr
                0x0000000008002ff4                tim1_cc_isr
                0x0000000008002ff4                sdio_isr
                0x0000000008002ff4                eth_isr
                0x0000000008002ff4                dma1_channel4_isr
                0x0000000008002ff4                tim8_brk_isr
                0x0000000008002ff4                dma2_channel4_5_isr
                0x0000000008002ff4                pvd_isr
                0x0000000008002ff4                rcc_isr
                0x0000000008002ff4                flash_isr
                0x0000000008002ff4                uart4_isr
                0x0000000008002ff4                rtc_alarm_isr
                0x0000000008002ff4                exti15_10_isr
                0x0000000008002ff4                hard_fault_handler
                0x0000000008002ff4                exti1_isr
                0x0000000008002ff4                i2c1_ev_isr
                0x0000000008002ff4                dma2_channel1_isr
                0x0000000008002ff4                spi2_isr
                0x0000000008002ff4                tim8_up_isr
                0x0000000008002ff4                dma2_channel2_isr
                0x0000000008002ff4                exti3_isr
                0x0000000008002ff4                adc3_isr
                0x0000000008002ff4                tim3_isr
                0x0000000008002ff4                usart2_isr
                0x0000000008002ff4                usb_lp_can_rx0_isr
                0x0000000008002ff4                i2c2_er_isr
                0x0000000008002ff4                i2c2_ev_isr
                0x0000000008002ff4                uart5_isr
                0x0000000008002ff4                fsmc_isr
                0x0000000008002ff4                dma1_channel1_isr
                0x0000000008002ff4                exti4_isr
                0x0000000008002ff4                mem_manage_handler
                0x0000000008002ff4                can2_tx_isr
                0x0000000008002ff4                exti9_5_isr
                0x0000000008002ff4                dma2_channel3_isr
                0x0000000008002ff4                dma1_channel7_isr
                0x0000000008002ff4                tim1_up_isr
                0x0000000008002ff4                can2_sce_isr
                0x0000000008002ff4                tim4_isr
                0x0000000008002ff4                dma1_channel2_isr
                0x0000000008002ff4                i2c1_er_isr
                0x0000000008002ff4                can_sce_isr
                0x0000000008002ff4                tim8_cc_isr
                0x0000000008002ff4                tamper_isr
                0x0000000008002ff4                eth_wkup_isr
                0x0000000008002ff4                bus_fault_handler
                0x0000000008002ff4                wwdg_isr
                0x0000000008002ff4                dma1_channel3_isr
                0x0000000008002ff4                spi3_isr
                0x0000000008002ff4                tim2_isr
 .text.null_handler
                0x0000000008002ff6        0x2 /home/pierre/stm32f103c8t6/libopencm3/lib/libopencm3_stm32f1.a(vector.o)
                0x0000000008002ff6                null_handler
                0x0000000008002ff6                debug_monitor_handler
                0x0000000008002ff6                nmi_handler
 .text.reset_handler
                0x0000000008002ff8       0x8c /home/pierre/stm32f103c8t6/libopencm3/lib/libopencm3_stm32f1.a(vector.o)
                0x0000000008002ff8                reset_handler
 .text.nvic_enable_irq
                0x0000000008003084       0x1a /home/pierre/stm32f103c8t6/libopencm3/lib/libopencm3_stm32f1.a(nvic.o)
                0x0000000008003084                nvic_enable_irq
                0x00000000080030a0                . = ALIGN (0x4)
 *fill*         0x000000000800309e        0x2 
 *(.rodata*)
 .rodata.main.str1.1
                0x00000000080030a0       0x2a main.o
 .rodata.usart3_task.str1.1
                0x00000000080030ca       0x71 usart3.o
 .rodata.printTable.str1.1
                0x000000000800313b        0x8 nrf24.o
 .rodata.nrf24_displayConfiguration.str1.1
                0x0000000008003143      0x3f3 nrf24.o
                                        0x3f6 (size before relaxing)
 .rodata.nrf24_TX.str1.1
                0x0000000008003536       0x69 nrf24.o
 .rodata.nrf24_RX.str1.1
                0x000000000800359f       0x9e nrf24.o
 *fill*         0x000000000800363d        0x1 
 .rodata.crc16_tab
                0x000000000800363e      0x200 vesc/crc.o
                0x000000000800363e                crc16_tab
 .rodata.vTaskStartScheduler.str1.1
                0x000000000800383e        0x5 rtos/tasks.o
                0x0000000008003844                . = ALIGN (0x4)
 *fill*         0x0000000008003843        0x1 

.glue_7         0x0000000008003844        0x0
 .glue_7        0x0000000008003844        0x0 linker stubs

.glue_7t        0x0000000008003844        0x0
 .glue_7t       0x0000000008003844        0x0 linker stubs

.vfp11_veneer   0x0000000008003844        0x0
 .vfp11_veneer  0x0000000008003844        0x0 linker stubs

.v4_bx          0x0000000008003844        0x0
 .v4_bx         0x0000000008003844        0x0 linker stubs

.iplt           0x0000000008003844        0x0
 .iplt          0x0000000008003844        0x0 main.o

.rel.dyn        0x0000000008003844        0x0
 .rel.iplt      0x0000000008003844        0x0 main.o

.preinit_array  0x0000000008003844        0x0
                0x0000000008003844                . = ALIGN (0x4)
                0x0000000008003844                __preinit_array_start = .
 *(.preinit_array)
                0x0000000008003844                __preinit_array_end = .

.init_array     0x0000000008003844        0x0
                0x0000000008003844                . = ALIGN (0x4)
                0x0000000008003844                __init_array_start = .
 *(SORT_BY_NAME(.init_array.*))
 *(.init_array)
                0x0000000008003844                __init_array_end = .

.fini_array     0x0000000008003844        0x0
                0x0000000008003844                . = ALIGN (0x4)
                0x0000000008003844                __fini_array_start = .
 *(.fini_array)
 *(SORT_BY_NAME(.fini_array.*))
                0x0000000008003844                __fini_array_end = .

.ARM.extab
 *(.ARM.extab*)

.ARM.exidx      0x0000000008003844        0x0
                0x0000000008003844                __exidx_start = .
 *(.ARM.exidx*)
                0x0000000008003844                __exidx_end = .
                0x0000000008003844                . = ALIGN (0x4)
                0x0000000008003844                _etext = .

.data           0x0000000020000000       0x10 load address 0x0000000008003844
                0x0000000020000000                _data = .
 *(.data*)
 .data.uxCriticalNesting
                0x0000000020000000        0x4 rtos/port.o
 .data.rcc_ahb_frequency
                0x0000000020000004        0x4 /home/pierre/stm32f103c8t6/libopencm3/lib/libopencm3_stm32f1.a(rcc.o)
                0x0000000020000004                rcc_ahb_frequency
 .data.rcc_apb1_frequency
                0x0000000020000008        0x4 /home/pierre/stm32f103c8t6/libopencm3/lib/libopencm3_stm32f1.a(rcc.o)
                0x0000000020000008                rcc_apb1_frequency
 .data.rcc_apb2_frequency
                0x000000002000000c        0x4 /home/pierre/stm32f103c8t6/libopencm3/lib/libopencm3_stm32f1.a(rcc.o)
                0x000000002000000c                rcc_apb2_frequency
                0x0000000020000010                . = ALIGN (0x4)
                0x0000000020000010                _edata = .
                0x0000000008003844                _data_loadaddr = LOADADDR (.data)

.igot.plt       0x0000000020000010        0x0 load address 0x0000000008003854
 .igot.plt      0x0000000020000010        0x0 main.o

.bss            0x0000000020000010      0xe08 load address 0x0000000008003854
 *(.bss*)
 .bss.h_nrf24_RX
                0x0000000020000010        0x4 main.o
                0x0000000020000010                h_nrf24_RX
 .bss.xSemaphore_usart1
                0x0000000020000014        0x4 main.o
                0x0000000020000014                xSemaphore_usart1
 .bss.xSemaphore_usart3
                0x0000000020000018        0x4 main.o
                0x0000000020000018                xSemaphore_usart3
 .bss.lenPayload_usart3
                0x000000002000001c        0x4 usart3.o
                0x000000002000001c                lenPayload_usart3
 .bss.payload_usart3
                0x0000000020000020       0x64 usart3.o
                0x0000000020000020                payload_usart3
 .bss.RPM_VESC  0x0000000020000084        0x4 vesc/vesc.o
                0x0000000020000084                RPM_VESC
 .bss.Telemetry_data
                0x0000000020000088       0x20 vesc/vesc.o
                0x0000000020000088                Telemetry_data
 .bss.data_vesc1
                0x00000000200000a8       0x24 vesc/vesc.o
                0x00000000200000a8                data_vesc1
 .bss.data_vesc2
                0x00000000200000cc       0x24 vesc/vesc.o
                0x00000000200000cc                data_vesc2
 .bss.nunchuck  0x00000000200000f0        0xc vesc/vesc.o
                0x00000000200000f0                nunchuck
 .bss.pxEnd     0x00000000200000fc        0x4 rtos/heap_4.o
 .bss.ucHeap    0x0000000020000100      0xc00 rtos/heap_4.o
 .bss.xBlockAllocatedBit
                0x0000000020000d00        0x4 rtos/heap_4.o
 .bss.xFreeBytesRemaining
                0x0000000020000d04        0x4 rtos/heap_4.o
 .bss.xMinimumEverFreeBytesRemaining
                0x0000000020000d08        0x4 rtos/heap_4.o
 .bss.xStart    0x0000000020000d0c        0x8 rtos/heap_4.o
 .bss.pxCurrentTCB
                0x0000000020000d14        0x4 rtos/tasks.o
                0x0000000020000d14                pxCurrentTCB
 .bss.pxDelayedTaskList
                0x0000000020000d18        0x4 rtos/tasks.o
 .bss.pxOverflowDelayedTaskList
                0x0000000020000d1c        0x4 rtos/tasks.o
 .bss.pxReadyTasksLists
                0x0000000020000d20       0x64 rtos/tasks.o
 .bss.uxCurrentNumberOfTasks
                0x0000000020000d84        0x4 rtos/tasks.o
 .bss.uxDeletedTasksWaitingCleanUp
                0x0000000020000d88        0x4 rtos/tasks.o
 .bss.uxPendedTicks
                0x0000000020000d8c        0x4 rtos/tasks.o
 .bss.uxSchedulerSuspended
                0x0000000020000d90        0x4 rtos/tasks.o
 .bss.uxTaskNumber
                0x0000000020000d94        0x4 rtos/tasks.o
 .bss.uxTopReadyPriority
                0x0000000020000d98        0x4 rtos/tasks.o
 .bss.xDelayedTaskList1
                0x0000000020000d9c       0x14 rtos/tasks.o
 .bss.xDelayedTaskList2
                0x0000000020000db0       0x14 rtos/tasks.o
 .bss.xIdleTaskHandle
                0x0000000020000dc4        0x4 rtos/tasks.o
 .bss.xNextTaskUnblockTime
                0x0000000020000dc8        0x4 rtos/tasks.o
 .bss.xNumOfOverflows
                0x0000000020000dcc        0x4 rtos/tasks.o
 .bss.xPendingReadyList
                0x0000000020000dd0       0x14 rtos/tasks.o
 .bss.xSchedulerRunning
                0x0000000020000de4        0x4 rtos/tasks.o
 .bss.xSuspendedTaskList
                0x0000000020000de8       0x14 rtos/tasks.o
 .bss.xTasksWaitingTermination
                0x0000000020000dfc       0x14 rtos/tasks.o
 .bss.xTickCount
                0x0000000020000e10        0x4 rtos/tasks.o
 .bss.xYieldPending
                0x0000000020000e14        0x4 rtos/tasks.o
 *(COMMON)
                0x0000000020000e18                . = ALIGN (0x4)
                0x0000000020000e18                _ebss = .

/DISCARD/
 *(.eh_frame)
                0x0000000020000e18                . = ALIGN (0x4)
                0x0000000020000e18                end = .
                0x0000000020005000                PROVIDE (_stack = (ORIGIN (ram) + LENGTH (ram)))
OUTPUT(main.elf elf32-littlearm)

.debug_info     0x0000000000000000    0x12f80
 .debug_info    0x0000000000000000     0x109c main.o
 .debug_info    0x000000000000109c      0xf32 usart1.o
 .debug_info    0x0000000000001fce     0x119e usart3.o
 .debug_info    0x000000000000316c      0x4be spi2.o
 .debug_info    0x000000000000362a     0x294e nrf24.o
 .debug_info    0x0000000000005f78     0x113f miniprintf.o
 .debug_info    0x00000000000070b7       0xcf vesc/crc.o
 .debug_info    0x0000000000007186      0x5b9 vesc/buffer.o
 .debug_info    0x000000000000773f     0x1491 vesc/vesc.o
 .debug_info    0x0000000000008bd0      0xca4 rtos/heap_4.o
 .debug_info    0x0000000000009874      0xb72 rtos/list.o
 .debug_info    0x000000000000a3e6      0x34f rtos/port.o
 .debug_info    0x000000000000a735     0x21fd rtos/queue.o
 .debug_info    0x000000000000c932     0x2b89 rtos/tasks.o
 .debug_info    0x000000000000f4bb      0x136 rtos/opencm3.o
 .debug_info    0x000000000000f5f1      0x20a /home/pierre/stm32f103c8t6/libopencm3/lib/libopencm3_stm32f1.a(gpio.o)
 .debug_info    0x000000000000f7fb     0x128f /home/pierre/stm32f103c8t6/libopencm3/lib/libopencm3_stm32f1.a(rcc.o)
 .debug_info    0x0000000000010a8a      0x266 /home/pierre/stm32f103c8t6/libopencm3/lib/libopencm3_stm32f1.a(gpio_common_all.o)
 .debug_info    0x0000000000010cf0      0xa1c /home/pierre/stm32f103c8t6/libopencm3/lib/libopencm3_stm32f1.a(spi_common_all.o)
 .debug_info    0x000000000001170c      0x185 /home/pierre/stm32f103c8t6/libopencm3/lib/libopencm3_stm32f1.a(spi_common_l1f124.o)
 .debug_info    0x0000000000011891      0x519 /home/pierre/stm32f103c8t6/libopencm3/lib/libopencm3_stm32f1.a(usart_common_all.o)
 .debug_info    0x0000000000011daa      0x1c5 /home/pierre/stm32f103c8t6/libopencm3/lib/libopencm3_stm32f1.a(usart_common_f124.o)
 .debug_info    0x0000000000011f6f      0x603 /home/pierre/stm32f103c8t6/libopencm3/lib/libopencm3_stm32f1.a(rcc_common_all.o)
 .debug_info    0x0000000000012572      0x241 /home/pierre/stm32f103c8t6/libopencm3/lib/libopencm3_stm32f1.a(exti_common_all.o)
 .debug_info    0x00000000000127b3      0x29f /home/pierre/stm32f103c8t6/libopencm3/lib/libopencm3_stm32f1.a(flash_common_f01.o)
 .debug_info    0x0000000000012a52      0x2dd /home/pierre/stm32f103c8t6/libopencm3/lib/libopencm3_stm32f1.a(vector.o)
 .debug_info    0x0000000000012d2f      0x251 /home/pierre/stm32f103c8t6/libopencm3/lib/libopencm3_stm32f1.a(nvic.o)

.debug_abbrev   0x0000000000000000     0x3834
 .debug_abbrev  0x0000000000000000      0x307 main.o
 .debug_abbrev  0x0000000000000307      0x327 usart1.o
 .debug_abbrev  0x000000000000062e      0x33b usart3.o
 .debug_abbrev  0x0000000000000969      0x138 spi2.o
 .debug_abbrev  0x0000000000000aa1      0x4b1 nrf24.o
 .debug_abbrev  0x0000000000000f52      0x3d4 miniprintf.o
 .debug_abbrev  0x0000000000001326       0xab vesc/crc.o
 .debug_abbrev  0x00000000000013d1      0x135 vesc/buffer.o
 .debug_abbrev  0x0000000000001506      0x323 vesc/vesc.o
 .debug_abbrev  0x0000000000001829      0x361 rtos/heap_4.o
 .debug_abbrev  0x0000000000001b8a      0x236 rtos/list.o
 .debug_abbrev  0x0000000000001dc0      0x217 rtos/port.o
 .debug_abbrev  0x0000000000001fd7      0x426 rtos/queue.o
 .debug_abbrev  0x00000000000023fd      0x4f1 rtos/tasks.o
 .debug_abbrev  0x00000000000028ee       0x89 rtos/opencm3.o
 .debug_abbrev  0x0000000000002977       0xd0 /home/pierre/stm32f103c8t6/libopencm3/lib/libopencm3_stm32f1.a(gpio.o)
 .debug_abbrev  0x0000000000002a47      0x2e1 /home/pierre/stm32f103c8t6/libopencm3/lib/libopencm3_stm32f1.a(rcc.o)
 .debug_abbrev  0x0000000000002d28      0x116 /home/pierre/stm32f103c8t6/libopencm3/lib/libopencm3_stm32f1.a(gpio_common_all.o)
 .debug_abbrev  0x0000000000002e3e      0x1eb /home/pierre/stm32f103c8t6/libopencm3/lib/libopencm3_stm32f1.a(spi_common_all.o)
 .debug_abbrev  0x0000000000003029       0xe5 /home/pierre/stm32f103c8t6/libopencm3/lib/libopencm3_stm32f1.a(spi_common_l1f124.o)
 .debug_abbrev  0x000000000000310e      0x129 /home/pierre/stm32f103c8t6/libopencm3/lib/libopencm3_stm32f1.a(usart_common_all.o)
 .debug_abbrev  0x0000000000003237       0xc8 /home/pierre/stm32f103c8t6/libopencm3/lib/libopencm3_stm32f1.a(usart_common_f124.o)
 .debug_abbrev  0x00000000000032ff      0x15d /home/pierre/stm32f103c8t6/libopencm3/lib/libopencm3_stm32f1.a(rcc_common_all.o)
 .debug_abbrev  0x000000000000345c      0x102 /home/pierre/stm32f103c8t6/libopencm3/lib/libopencm3_stm32f1.a(exti_common_all.o)
 .debug_abbrev  0x000000000000355e       0xdc /home/pierre/stm32f103c8t6/libopencm3/lib/libopencm3_stm32f1.a(flash_common_f01.o)
 .debug_abbrev  0x000000000000363a      0x145 /home/pierre/stm32f103c8t6/libopencm3/lib/libopencm3_stm32f1.a(vector.o)
 .debug_abbrev  0x000000000000377f       0xb5 /home/pierre/stm32f103c8t6/libopencm3/lib/libopencm3_stm32f1.a(nvic.o)

.debug_loc      0x0000000000000000     0x5f9b
 .debug_loc     0x0000000000000000       0xcf main.o
 .debug_loc     0x00000000000000cf       0xf0 usart1.o
 .debug_loc     0x00000000000001bf       0xb3 usart3.o
 .debug_loc     0x0000000000000272       0x79 spi2.o
 .debug_loc     0x00000000000002eb      0x7e1 nrf24.o
 .debug_loc     0x0000000000000acc      0x9a2 miniprintf.o
 .debug_loc     0x000000000000146e       0x86 vesc/crc.o
 .debug_loc     0x00000000000014f4      0x3f4 vesc/buffer.o
 .debug_loc     0x00000000000018e8      0x537 vesc/vesc.o
 .debug_loc     0x0000000000001e1f      0x361 rtos/heap_4.o
 .debug_loc     0x0000000000002180       0xaf rtos/list.o
 .debug_loc     0x000000000000222f       0xbe rtos/port.o
 .debug_loc     0x00000000000022ed     0x12ec rtos/queue.o
 .debug_loc     0x00000000000035d9     0x1a09 rtos/tasks.o
 .debug_loc     0x0000000000004fe2      0x134 /home/pierre/stm32f103c8t6/libopencm3/lib/libopencm3_stm32f1.a(gpio.o)
 .debug_loc     0x0000000000005116      0x39c /home/pierre/stm32f103c8t6/libopencm3/lib/libopencm3_stm32f1.a(rcc.o)
 .debug_loc     0x00000000000054b2       0xbe /home/pierre/stm32f103c8t6/libopencm3/lib/libopencm3_stm32f1.a(gpio_common_all.o)
 .debug_loc     0x0000000000005570      0x1dc /home/pierre/stm32f103c8t6/libopencm3/lib/libopencm3_stm32f1.a(spi_common_all.o)
 .debug_loc     0x000000000000574c       0xff /home/pierre/stm32f103c8t6/libopencm3/lib/libopencm3_stm32f1.a(spi_common_l1f124.o)
 .debug_loc     0x000000000000584b      0x172 /home/pierre/stm32f103c8t6/libopencm3/lib/libopencm3_stm32f1.a(usart_common_all.o)
 .debug_loc     0x00000000000059bd       0x99 /home/pierre/stm32f103c8t6/libopencm3/lib/libopencm3_stm32f1.a(usart_common_f124.o)
 .debug_loc     0x0000000000005a56       0x6f /home/pierre/stm32f103c8t6/libopencm3/lib/libopencm3_stm32f1.a(rcc_common_all.o)
 .debug_loc     0x0000000000005ac5      0x197 /home/pierre/stm32f103c8t6/libopencm3/lib/libopencm3_stm32f1.a(exti_common_all.o)
 .debug_loc     0x0000000000005c5c       0xca /home/pierre/stm32f103c8t6/libopencm3/lib/libopencm3_stm32f1.a(flash_common_f01.o)
 .debug_loc     0x0000000000005d26      0x128 /home/pierre/stm32f103c8t6/libopencm3/lib/libopencm3_stm32f1.a(vector.o)
 .debug_loc     0x0000000000005e4e      0x14d /home/pierre/stm32f103c8t6/libopencm3/lib/libopencm3_stm32f1.a(nvic.o)

.debug_aranges  0x0000000000000000      0xcd0
 .debug_aranges
                0x0000000000000000       0x30 main.o
 .debug_aranges
                0x0000000000000030       0x38 usart1.o
 .debug_aranges
                0x0000000000000068       0x40 usart3.o
 .debug_aranges
                0x00000000000000a8       0x28 spi2.o
 .debug_aranges
                0x00000000000000d0      0x120 nrf24.o
 .debug_aranges
                0x00000000000001f0       0x58 miniprintf.o
 .debug_aranges
                0x0000000000000248       0x20 vesc/crc.o
 .debug_aranges
                0x0000000000000268       0x88 vesc/buffer.o
 .debug_aranges
                0x00000000000002f0       0x58 vesc/vesc.o
 .debug_aranges
                0x0000000000000348       0x48 rtos/heap_4.o
 .debug_aranges
                0x0000000000000390       0x40 rtos/list.o
 .debug_aranges
                0x00000000000003d0       0x70 rtos/port.o
 .debug_aranges
                0x0000000000000440       0xc0 rtos/queue.o
 .debug_aranges
                0x0000000000000500      0x168 rtos/tasks.o
 .debug_aranges
                0x0000000000000668       0x30 rtos/opencm3.o
 .debug_aranges
                0x0000000000000698       0x38 /home/pierre/stm32f103c8t6/libopencm3/lib/libopencm3_stm32f1.a(gpio.o)
 .debug_aranges
                0x00000000000006d0      0x158 /home/pierre/stm32f103c8t6/libopencm3/lib/libopencm3_stm32f1.a(rcc.o)
 .debug_aranges
                0x0000000000000828       0x50 /home/pierre/stm32f103c8t6/libopencm3/lib/libopencm3_stm32f1.a(gpio_common_all.o)
 .debug_aranges
                0x0000000000000878      0x178 /home/pierre/stm32f103c8t6/libopencm3/lib/libopencm3_stm32f1.a(spi_common_all.o)
 .debug_aranges
                0x00000000000009f0       0x30 /home/pierre/stm32f103c8t6/libopencm3/lib/libopencm3_stm32f1.a(spi_common_l1f124.o)
 .debug_aranges
                0x0000000000000a20       0xb8 /home/pierre/stm32f103c8t6/libopencm3/lib/libopencm3_stm32f1.a(usart_common_all.o)
 .debug_aranges
                0x0000000000000ad8       0x40 /home/pierre/stm32f103c8t6/libopencm3/lib/libopencm3_stm32f1.a(usart_common_f124.o)
 .debug_aranges
                0x0000000000000b18       0x58 /home/pierre/stm32f103c8t6/libopencm3/lib/libopencm3_stm32f1.a(rcc_common_all.o)
 .debug_aranges
                0x0000000000000b70       0x48 /home/pierre/stm32f103c8t6/libopencm3/lib/libopencm3_stm32f1.a(exti_common_all.o)
 .debug_aranges
                0x0000000000000bb8       0x88 /home/pierre/stm32f103c8t6/libopencm3/lib/libopencm3_stm32f1.a(flash_common_f01.o)
 .debug_aranges
                0x0000000000000c40       0x30 /home/pierre/stm32f103c8t6/libopencm3/lib/libopencm3_stm32f1.a(vector.o)
 .debug_aranges
                0x0000000000000c70       0x60 /home/pierre/stm32f103c8t6/libopencm3/lib/libopencm3_stm32f1.a(nvic.o)

.debug_ranges   0x0000000000000000     0x1048
 .debug_ranges  0x0000000000000000       0x20 main.o
 .debug_ranges  0x0000000000000020       0x28 usart1.o
 .debug_ranges  0x0000000000000048       0x30 usart3.o
 .debug_ranges  0x0000000000000078       0x18 spi2.o
 .debug_ranges  0x0000000000000090      0x1d8 nrf24.o
 .debug_ranges  0x0000000000000268       0x90 miniprintf.o
 .debug_ranges  0x00000000000002f8       0x10 vesc/crc.o
 .debug_ranges  0x0000000000000308       0x78 vesc/buffer.o
 .debug_ranges  0x0000000000000380       0x78 vesc/vesc.o
 .debug_ranges  0x00000000000003f8       0x38 rtos/heap_4.o
 .debug_ranges  0x0000000000000430       0x30 rtos/list.o
 .debug_ranges  0x0000000000000460       0x78 rtos/port.o
 .debug_ranges  0x00000000000004d8      0x250 rtos/queue.o
 .debug_ranges  0x0000000000000728      0x300 rtos/tasks.o
 .debug_ranges  0x0000000000000a28       0x20 rtos/opencm3.o
 .debug_ranges  0x0000000000000a48       0x28 /home/pierre/stm32f103c8t6/libopencm3/lib/libopencm3_stm32f1.a(gpio.o)
 .debug_ranges  0x0000000000000a70      0x1b8 /home/pierre/stm32f103c8t6/libopencm3/lib/libopencm3_stm32f1.a(rcc.o)
 .debug_ranges  0x0000000000000c28       0x40 /home/pierre/stm32f103c8t6/libopencm3/lib/libopencm3_stm32f1.a(gpio_common_all.o)
 .debug_ranges  0x0000000000000c68      0x168 /home/pierre/stm32f103c8t6/libopencm3/lib/libopencm3_stm32f1.a(spi_common_all.o)
 .debug_ranges  0x0000000000000dd0       0x20 /home/pierre/stm32f103c8t6/libopencm3/lib/libopencm3_stm32f1.a(spi_common_l1f124.o)
 .debug_ranges  0x0000000000000df0       0xa8 /home/pierre/stm32f103c8t6/libopencm3/lib/libopencm3_stm32f1.a(usart_common_all.o)
 .debug_ranges  0x0000000000000e98       0x30 /home/pierre/stm32f103c8t6/libopencm3/lib/libopencm3_stm32f1.a(usart_common_f124.o)
 .debug_ranges  0x0000000000000ec8       0x48 /home/pierre/stm32f103c8t6/libopencm3/lib/libopencm3_stm32f1.a(rcc_common_all.o)
 .debug_ranges  0x0000000000000f10       0x50 /home/pierre/stm32f103c8t6/libopencm3/lib/libopencm3_stm32f1.a(exti_common_all.o)
 .debug_ranges  0x0000000000000f60       0x78 /home/pierre/stm32f103c8t6/libopencm3/lib/libopencm3_stm32f1.a(flash_common_f01.o)
 .debug_ranges  0x0000000000000fd8       0x20 /home/pierre/stm32f103c8t6/libopencm3/lib/libopencm3_stm32f1.a(vector.o)
 .debug_ranges  0x0000000000000ff8       0x50 /home/pierre/stm32f103c8t6/libopencm3/lib/libopencm3_stm32f1.a(nvic.o)

.debug_line     0x0000000000000000     0x9f34
 .debug_line    0x0000000000000000      0x40d main.o
 .debug_line    0x000000000000040d      0x37d usart1.o
 .debug_line    0x000000000000078a      0x4bc usart3.o
 .debug_line    0x0000000000000c46      0x21b spi2.o
 .debug_line    0x0000000000000e61      0xa7c nrf24.o
 .debug_line    0x00000000000018dd      0x54d miniprintf.o
 .debug_line    0x0000000000001e2a       0x94 vesc/crc.o
 .debug_line    0x0000000000001ebe      0x3dc vesc/buffer.o
 .debug_line    0x000000000000229a      0x68d vesc/vesc.o
 .debug_line    0x0000000000002927      0x4ac rtos/heap_4.o
 .debug_line    0x0000000000002dd3      0x320 rtos/list.o
 .debug_line    0x00000000000030f3      0x371 rtos/port.o
 .debug_line    0x0000000000003464      0xedd rtos/queue.o
 .debug_line    0x0000000000004341     0x19da rtos/tasks.o
 .debug_line    0x0000000000005d1b      0x16d rtos/opencm3.o
 .debug_line    0x0000000000005e88      0x3c6 /home/pierre/stm32f103c8t6/libopencm3/lib/libopencm3_stm32f1.a(gpio.o)
 .debug_line    0x000000000000624e      0xce7 /home/pierre/stm32f103c8t6/libopencm3/lib/libopencm3_stm32f1.a(rcc.o)
 .debug_line    0x0000000000006f35      0x3dc /home/pierre/stm32f103c8t6/libopencm3/lib/libopencm3_stm32f1.a(gpio_common_all.o)
 .debug_line    0x0000000000007311      0x921 /home/pierre/stm32f103c8t6/libopencm3/lib/libopencm3_stm32f1.a(spi_common_all.o)
 .debug_line    0x0000000000007c32      0x399 /home/pierre/stm32f103c8t6/libopencm3/lib/libopencm3_stm32f1.a(spi_common_l1f124.o)
 .debug_line    0x0000000000007fcb      0x5e2 /home/pierre/stm32f103c8t6/libopencm3/lib/libopencm3_stm32f1.a(usart_common_all.o)
 .debug_line    0x00000000000085ad      0x3d1 /home/pierre/stm32f103c8t6/libopencm3/lib/libopencm3_stm32f1.a(usart_common_f124.o)
 .debug_line    0x000000000000897e      0x405 /home/pierre/stm32f103c8t6/libopencm3/lib/libopencm3_stm32f1.a(rcc_common_all.o)
 .debug_line    0x0000000000008d83      0x46a /home/pierre/stm32f103c8t6/libopencm3/lib/libopencm3_stm32f1.a(exti_common_all.o)
 .debug_line    0x00000000000091ed      0x4f7 /home/pierre/stm32f103c8t6/libopencm3/lib/libopencm3_stm32f1.a(flash_common_f01.o)
 .debug_line    0x00000000000096e4      0x45e /home/pierre/stm32f103c8t6/libopencm3/lib/libopencm3_stm32f1.a(vector.o)
 .debug_line    0x0000000000009b42      0x3f2 /home/pierre/stm32f103c8t6/libopencm3/lib/libopencm3_stm32f1.a(nvic.o)

.debug_str      0x0000000000000000    0x136e3
 .debug_str     0x0000000000000000      0x9f1 main.o
                                        0xadf (size before relaxing)
 .debug_str     0x00000000000009f1      0x152 usart1.o
                                        0xa04 (size before relaxing)
 .debug_str     0x0000000000000b43      0x1ba usart3.o
                                        0xbd3 (size before relaxing)
 .debug_str     0x0000000000000cfd       0x94 spi2.o
                                        0x4f2 (size before relaxing)
 .debug_str     0x0000000000000d91      0x284 nrf24.o
                                        0xa31 (size before relaxing)
 .debug_str     0x0000000000001015       0xef miniprintf.o
                                        0x6b4 (size before relaxing)
 .debug_str     0x0000000000001104       0x21 vesc/crc.o
                                        0x152 (size before relaxing)
 .debug_str     0x0000000000001125      0x138 vesc/buffer.o
                                        0x32c (size before relaxing)
 .debug_str     0x000000000000125d      0x384 vesc/vesc.o
                                        0xcac (size before relaxing)
 .debug_str     0x00000000000015e1      0x1eb rtos/heap_4.o
                                        0x76c (size before relaxing)
 .debug_str     0x00000000000017cc      0x12a rtos/list.o
                                        0x6c7 (size before relaxing)
 .debug_str     0x00000000000018f6      0x179 rtos/port.o
                                        0x360 (size before relaxing)
 .debug_str     0x0000000000001a6f      0x565 rtos/queue.o
                                        0xd19 (size before relaxing)
 .debug_str     0x0000000000001fd4      0x85d rtos/tasks.o
                                       0x125d (size before relaxing)
 .debug_str     0x0000000000002831       0x40 rtos/opencm3.o
                                        0x24f (size before relaxing)
 .debug_str     0x0000000000002871     0x8365 /home/pierre/stm32f103c8t6/libopencm3/lib/libopencm3_stm32f1.a(gpio.o)
                                       0x8514 (size before relaxing)
 .debug_str     0x000000000000abd6     0x304f /home/pierre/stm32f103c8t6/libopencm3/lib/libopencm3_stm32f1.a(rcc.o)
                                       0x7db2 (size before relaxing)
 .debug_str     0x000000000000dc25       0x5a /home/pierre/stm32f103c8t6/libopencm3/lib/libopencm3_stm32f1.a(gpio_common_all.o)
                                       0x8508 (size before relaxing)
 .debug_str     0x000000000000dc7f     0x13a0 /home/pierre/stm32f103c8t6/libopencm3/lib/libopencm3_stm32f1.a(spi_common_all.o)
                                       0x8555 (size before relaxing)
 .debug_str     0x000000000000f01f       0x54 /home/pierre/stm32f103c8t6/libopencm3/lib/libopencm3_stm32f1.a(spi_common_l1f124.o)
                                       0x7f6a (size before relaxing)
 .debug_str     0x000000000000f073     0x10c4 /home/pierre/stm32f103c8t6/libopencm3/lib/libopencm3_stm32f1.a(usart_common_all.o)
                                       0x82f4 (size before relaxing)
 .debug_str     0x0000000000010137       0x2d /home/pierre/stm32f103c8t6/libopencm3/lib/libopencm3_stm32f1.a(usart_common_f124.o)
                                       0x812e (size before relaxing)
 .debug_str     0x0000000000010164      0x168 /home/pierre/stm32f103c8t6/libopencm3/lib/libopencm3_stm32f1.a(rcc_common_all.o)
                                       0x7735 (size before relaxing)
 .debug_str     0x00000000000102cc      0x3d2 /home/pierre/stm32f103c8t6/libopencm3/lib/libopencm3_stm32f1.a(exti_common_all.o)
                                       0x88e5 (size before relaxing)
 .debug_str     0x000000000001069e      0x179 /home/pierre/stm32f103c8t6/libopencm3/lib/libopencm3_stm32f1.a(flash_common_f01.o)
                                       0x55bb (size before relaxing)
 .debug_str     0x0000000000010817     0x24ec /home/pierre/stm32f103c8t6/libopencm3/lib/libopencm3_stm32f1.a(vector.o)
                                       0x665c (size before relaxing)
 .debug_str     0x0000000000012d03      0x9e0 /home/pierre/stm32f103c8t6/libopencm3/lib/libopencm3_stm32f1.a(nvic.o)
                                       0x5371 (size before relaxing)

.comment        0x0000000000000000       0x79
 .comment       0x0000000000000000       0x79 main.o
                                         0x7a (size before relaxing)
 .comment       0x0000000000000079       0x7a usart1.o
 .comment       0x0000000000000079       0x7a usart3.o
 .comment       0x0000000000000079       0x7a spi2.o
 .comment       0x0000000000000079       0x7a nrf24.o
 .comment       0x0000000000000079       0x7a miniprintf.o
 .comment       0x0000000000000079       0x7a vesc/crc.o
 .comment       0x0000000000000079       0x7a vesc/buffer.o
 .comment       0x0000000000000079       0x7a vesc/vesc.o
 .comment       0x0000000000000079       0x7a rtos/heap_4.o
 .comment       0x0000000000000079       0x7a rtos/list.o
 .comment       0x0000000000000079       0x7a rtos/port.o
 .comment       0x0000000000000079       0x7a rtos/queue.o
 .comment       0x0000000000000079       0x7a rtos/tasks.o
 .comment       0x0000000000000079       0x7a rtos/opencm3.o
 .comment       0x0000000000000079       0x7a /home/pierre/stm32f103c8t6/libopencm3/lib/libopencm3_stm32f1.a(gpio.o)
 .comment       0x0000000000000079       0x7a /home/pierre/stm32f103c8t6/libopencm3/lib/libopencm3_stm32f1.a(rcc.o)
 .comment       0x0000000000000079       0x7a /home/pierre/stm32f103c8t6/libopencm3/lib/libopencm3_stm32f1.a(gpio_common_all.o)
 .comment       0x0000000000000079       0x7a /home/pierre/stm32f103c8t6/libopencm3/lib/libopencm3_stm32f1.a(spi_common_all.o)
 .comment       0x0000000000000079       0x7a /home/pierre/stm32f103c8t6/libopencm3/lib/libopencm3_stm32f1.a(spi_common_l1f124.o)
 .comment       0x0000000000000079       0x7a /home/pierre/stm32f103c8t6/libopencm3/lib/libopencm3_stm32f1.a(usart_common_all.o)
 .comment       0x0000000000000079       0x7a /home/pierre/stm32f103c8t6/libopencm3/lib/libopencm3_stm32f1.a(usart_common_f124.o)
 .comment       0x0000000000000079       0x7a /home/pierre/stm32f103c8t6/libopencm3/lib/libopencm3_stm32f1.a(rcc_common_all.o)
 .comment       0x0000000000000079       0x7a /home/pierre/stm32f103c8t6/libopencm3/lib/libopencm3_stm32f1.a(exti_common_all.o)
 .comment       0x0000000000000079       0x7a /home/pierre/stm32f103c8t6/libopencm3/lib/libopencm3_stm32f1.a(flash_common_f01.o)
 .comment       0x0000000000000079       0x7a /home/pierre/stm32f103c8t6/libopencm3/lib/libopencm3_stm32f1.a(vector.o)
 .comment       0x0000000000000079       0x7a /home/pierre/stm32f103c8t6/libopencm3/lib/libopencm3_stm32f1.a(nvic.o)

.ARM.attributes
                0x0000000000000000       0x2b
 .ARM.attributes
                0x0000000000000000       0x2d main.o
 .ARM.attributes
                0x000000000000002d       0x2d usart1.o
 .ARM.attributes
                0x000000000000005a       0x2d usart3.o
 .ARM.attributes
                0x0000000000000087       0x2d spi2.o
 .ARM.attributes
                0x00000000000000b4       0x2d nrf24.o
 .ARM.attributes
                0x00000000000000e1       0x2d miniprintf.o
 .ARM.attributes
                0x000000000000010e       0x2d vesc/crc.o
 .ARM.attributes
                0x000000000000013b       0x2d vesc/buffer.o
 .ARM.attributes
                0x0000000000000168       0x2d vesc/vesc.o
 .ARM.attributes
                0x0000000000000195       0x2d rtos/heap_4.o
 .ARM.attributes
                0x00000000000001c2       0x2d rtos/list.o
 .ARM.attributes
                0x00000000000001ef       0x2d rtos/port.o
 .ARM.attributes
                0x000000000000021c       0x2d rtos/queue.o
 .ARM.attributes
                0x0000000000000249       0x2d rtos/tasks.o
 .ARM.attributes
                0x0000000000000276       0x2d rtos/opencm3.o
 .ARM.attributes
                0x00000000000002a3       0x1b /home/pierre/gcc-arm-none-eabi-9-2019-q4-major/bin/../lib/gcc/arm-none-eabi/9.2.1/../../../../arm-none-eabi/lib/thumb/v7-m/nofp/libc.a(lib_a-memcpy.o)
 .ARM.attributes
                0x00000000000002be       0x2d /home/pierre/gcc-arm-none-eabi-9-2019-q4-major/bin/../lib/gcc/arm-none-eabi/9.2.1/../../../../arm-none-eabi/lib/thumb/v7-m/nofp/libc.a(lib_a-strlen-stub.o)
 .ARM.attributes
                0x00000000000002eb       0x1d /home/pierre/gcc-arm-none-eabi-9-2019-q4-major/bin/../lib/gcc/arm-none-eabi/9.2.1/thumb/v7-m/nofp/libgcc.a(_arm_addsubsf3.o)
 .ARM.attributes
                0x0000000000000308       0x1d /home/pierre/gcc-arm-none-eabi-9-2019-q4-major/bin/../lib/gcc/arm-none-eabi/9.2.1/thumb/v7-m/nofp/libgcc.a(_arm_muldivsf3.o)
 .ARM.attributes
                0x0000000000000325       0x2d /home/pierre/stm32f103c8t6/libopencm3/lib/libopencm3_stm32f1.a(gpio.o)
 .ARM.attributes
                0x0000000000000352       0x2d /home/pierre/stm32f103c8t6/libopencm3/lib/libopencm3_stm32f1.a(rcc.o)
 .ARM.attributes
                0x000000000000037f       0x2d /home/pierre/stm32f103c8t6/libopencm3/lib/libopencm3_stm32f1.a(gpio_common_all.o)
 .ARM.attributes
                0x00000000000003ac       0x2d /home/pierre/stm32f103c8t6/libopencm3/lib/libopencm3_stm32f1.a(spi_common_all.o)
 .ARM.attributes
                0x00000000000003d9       0x2d /home/pierre/stm32f103c8t6/libopencm3/lib/libopencm3_stm32f1.a(spi_common_l1f124.o)
 .ARM.attributes
                0x0000000000000406       0x2d /home/pierre/stm32f103c8t6/libopencm3/lib/libopencm3_stm32f1.a(usart_common_all.o)
 .ARM.attributes
                0x0000000000000433       0x2d /home/pierre/stm32f103c8t6/libopencm3/lib/libopencm3_stm32f1.a(usart_common_f124.o)
 .ARM.attributes
                0x0000000000000460       0x2d /home/pierre/stm32f103c8t6/libopencm3/lib/libopencm3_stm32f1.a(rcc_common_all.o)
 .ARM.attributes
                0x000000000000048d       0x2d /home/pierre/stm32f103c8t6/libopencm3/lib/libopencm3_stm32f1.a(exti_common_all.o)
 .ARM.attributes
                0x00000000000004ba       0x2d /home/pierre/stm32f103c8t6/libopencm3/lib/libopencm3_stm32f1.a(flash_common_f01.o)
 .ARM.attributes
                0x00000000000004e7       0x2d /home/pierre/stm32f103c8t6/libopencm3/lib/libopencm3_stm32f1.a(vector.o)
 .ARM.attributes
                0x0000000000000514       0x2d /home/pierre/stm32f103c8t6/libopencm3/lib/libopencm3_stm32f1.a(nvic.o)

.debug_frame    0x0000000000000000     0x1f08
 .debug_frame   0x0000000000000000       0x5c main.o
 .debug_frame   0x000000000000005c       0xa0 usart1.o
 .debug_frame   0x00000000000000fc       0xac usart3.o
 .debug_frame   0x00000000000001a8       0x4c spi2.o
 .debug_frame   0x00000000000001f4      0x370 nrf24.o
 .debug_frame   0x0000000000000564      0x110 miniprintf.o
 .debug_frame   0x0000000000000674       0x28 vesc/crc.o
 .debug_frame   0x000000000000069c      0x168 vesc/buffer.o
 .debug_frame   0x0000000000000804      0x110 vesc/vesc.o
 .debug_frame   0x0000000000000914       0x98 rtos/heap_4.o
 .debug_frame   0x00000000000009ac       0x6c rtos/list.o
 .debug_frame   0x0000000000000a18       0xd8 rtos/port.o
 .debug_frame   0x0000000000000af0      0x278 rtos/queue.o
 .debug_frame   0x0000000000000d68      0x4b8 rtos/tasks.o
 .debug_frame   0x0000000000001220       0x40 rtos/opencm3.o
 .debug_frame   0x0000000000001260       0x20 /home/pierre/gcc-arm-none-eabi-9-2019-q4-major/bin/../lib/gcc/arm-none-eabi/9.2.1/../../../../arm-none-eabi/lib/thumb/v7-m/nofp/libc.a(lib_a-strlen-stub.o)
 .debug_frame   0x0000000000001280       0x4c /home/pierre/gcc-arm-none-eabi-9-2019-q4-major/bin/../lib/gcc/arm-none-eabi/9.2.1/thumb/v7-m/nofp/libgcc.a(_arm_addsubsf3.o)
 .debug_frame   0x00000000000012cc       0x38 /home/pierre/gcc-arm-none-eabi-9-2019-q4-major/bin/../lib/gcc/arm-none-eabi/9.2.1/thumb/v7-m/nofp/libgcc.a(_arm_muldivsf3.o)
 .debug_frame   0x0000000000001304       0x60 /home/pierre/stm32f103c8t6/libopencm3/lib/libopencm3_stm32f1.a(gpio.o)
 .debug_frame   0x0000000000001364      0x2e0 /home/pierre/stm32f103c8t6/libopencm3/lib/libopencm3_stm32f1.a(rcc.o)
 .debug_frame   0x0000000000001644       0x80 /home/pierre/stm32f103c8t6/libopencm3/lib/libopencm3_stm32f1.a(gpio_common_all.o)
 .debug_frame   0x00000000000016c4      0x2d0 /home/pierre/stm32f103c8t6/libopencm3/lib/libopencm3_stm32f1.a(spi_common_all.o)
 .debug_frame   0x0000000000001994       0x4c /home/pierre/stm32f103c8t6/libopencm3/lib/libopencm3_stm32f1.a(spi_common_l1f124.o)
 .debug_frame   0x00000000000019e0      0x170 /home/pierre/stm32f103c8t6/libopencm3/lib/libopencm3_stm32f1.a(usart_common_all.o)
 .debug_frame   0x0000000000001b50       0x60 /home/pierre/stm32f103c8t6/libopencm3/lib/libopencm3_stm32f1.a(usart_common_f124.o)
 .debug_frame   0x0000000000001bb0       0xd0 /home/pierre/stm32f103c8t6/libopencm3/lib/libopencm3_stm32f1.a(rcc_common_all.o)
 .debug_frame   0x0000000000001c80       0x88 /home/pierre/stm32f103c8t6/libopencm3/lib/libopencm3_stm32f1.a(exti_common_all.o)
 .debug_frame   0x0000000000001d08      0x120 /home/pierre/stm32f103c8t6/libopencm3/lib/libopencm3_stm32f1.a(flash_common_f01.o)
 .debug_frame   0x0000000000001e28       0x40 /home/pierre/stm32f103c8t6/libopencm3/lib/libopencm3_stm32f1.a(vector.o)
 .debug_frame   0x0000000000001e68       0xa0 /home/pierre/stm32f103c8t6/libopencm3/lib/libopencm3_stm32f1.a(nvic.o)

.debug_macro    0x0000000000000000     0x426c
 .debug_macro   0x0000000000000000       0xb9 /home/pierre/stm32f103c8t6/libopencm3/lib/libopencm3_stm32f1.a(gpio.o)
 .debug_macro   0x00000000000000b9      0xa90 /home/pierre/stm32f103c8t6/libopencm3/lib/libopencm3_stm32f1.a(gpio.o)
 .debug_macro   0x0000000000000b49       0x22 /home/pierre/stm32f103c8t6/libopencm3/lib/libopencm3_stm32f1.a(gpio.o)
 .debug_macro   0x0000000000000b6b       0x56 /home/pierre/stm32f103c8t6/libopencm3/lib/libopencm3_stm32f1.a(gpio.o)
 .debug_macro   0x0000000000000bc1       0x51 /home/pierre/stm32f103c8t6/libopencm3/lib/libopencm3_stm32f1.a(gpio.o)
 .debug_macro   0x0000000000000c12       0xef /home/pierre/stm32f103c8t6/libopencm3/lib/libopencm3_stm32f1.a(gpio.o)
 .debug_macro   0x0000000000000d01       0x6a /home/pierre/stm32f103c8t6/libopencm3/lib/libopencm3_stm32f1.a(gpio.o)
 .debug_macro   0x0000000000000d6b      0x1df /home/pierre/stm32f103c8t6/libopencm3/lib/libopencm3_stm32f1.a(gpio.o)
 .debug_macro   0x0000000000000f4a       0x22 /home/pierre/stm32f103c8t6/libopencm3/lib/libopencm3_stm32f1.a(gpio.o)
 .debug_macro   0x0000000000000f6c       0xfa /home/pierre/stm32f103c8t6/libopencm3/lib/libopencm3_stm32f1.a(gpio.o)
 .debug_macro   0x0000000000001066       0x58 /home/pierre/stm32f103c8t6/libopencm3/lib/libopencm3_stm32f1.a(gpio.o)
 .debug_macro   0x00000000000010be      0x1b4 /home/pierre/stm32f103c8t6/libopencm3/lib/libopencm3_stm32f1.a(gpio.o)
 .debug_macro   0x0000000000001272       0x76 /home/pierre/stm32f103c8t6/libopencm3/lib/libopencm3_stm32f1.a(gpio.o)
 .debug_macro   0x00000000000012e8      0xdfd /home/pierre/stm32f103c8t6/libopencm3/lib/libopencm3_stm32f1.a(gpio.o)
 .debug_macro   0x00000000000020e5       0xe0 /home/pierre/stm32f103c8t6/libopencm3/lib/libopencm3_stm32f1.a(rcc.o)
 .debug_macro   0x00000000000021c5       0x16 /home/pierre/stm32f103c8t6/libopencm3/lib/libopencm3_stm32f1.a(rcc.o)
 .debug_macro   0x00000000000021db      0x82c /home/pierre/stm32f103c8t6/libopencm3/lib/libopencm3_stm32f1.a(rcc.o)
 .debug_macro   0x0000000000002a07       0xdc /home/pierre/stm32f103c8t6/libopencm3/lib/libopencm3_stm32f1.a(rcc.o)
 .debug_macro   0x0000000000002ae3       0x82 /home/pierre/stm32f103c8t6/libopencm3/lib/libopencm3_stm32f1.a(rcc.o)
 .debug_macro   0x0000000000002b65       0xb9 /home/pierre/stm32f103c8t6/libopencm3/lib/libopencm3_stm32f1.a(gpio_common_all.o)
 .debug_macro   0x0000000000002c1e       0xdb /home/pierre/stm32f103c8t6/libopencm3/lib/libopencm3_stm32f1.a(spi_common_all.o)
 .debug_macro   0x0000000000002cf9      0x2eb /home/pierre/stm32f103c8t6/libopencm3/lib/libopencm3_stm32f1.a(spi_common_all.o)
 .debug_macro   0x0000000000002fe4       0x16 /home/pierre/stm32f103c8t6/libopencm3/lib/libopencm3_stm32f1.a(spi_common_all.o)
 .debug_macro   0x0000000000002ffa       0xdb /home/pierre/stm32f103c8t6/libopencm3/lib/libopencm3_stm32f1.a(spi_common_l1f124.o)
 .debug_macro   0x00000000000030d5       0xdb /home/pierre/stm32f103c8t6/libopencm3/lib/libopencm3_stm32f1.a(usart_common_all.o)
 .debug_macro   0x00000000000031b0       0x94 /home/pierre/stm32f103c8t6/libopencm3/lib/libopencm3_stm32f1.a(usart_common_all.o)
 .debug_macro   0x0000000000003244      0x29e /home/pierre/stm32f103c8t6/libopencm3/lib/libopencm3_stm32f1.a(usart_common_all.o)
 .debug_macro   0x00000000000034e2       0xdb /home/pierre/stm32f103c8t6/libopencm3/lib/libopencm3_stm32f1.a(usart_common_f124.o)
 .debug_macro   0x00000000000035bd       0xcf /home/pierre/stm32f103c8t6/libopencm3/lib/libopencm3_stm32f1.a(rcc_common_all.o)
 .debug_macro   0x000000000000368c       0xd0 /home/pierre/stm32f103c8t6/libopencm3/lib/libopencm3_stm32f1.a(exti_common_all.o)
 .debug_macro   0x000000000000375c      0x112 /home/pierre/stm32f103c8t6/libopencm3/lib/libopencm3_stm32f1.a(exti_common_all.o)
 .debug_macro   0x000000000000386e       0xb9 /home/pierre/stm32f103c8t6/libopencm3/lib/libopencm3_stm32f1.a(flash_common_f01.o)
 .debug_macro   0x0000000000003927       0xd0 /home/pierre/stm32f103c8t6/libopencm3/lib/libopencm3_stm32f1.a(vector.o)
 .debug_macro   0x00000000000039f7      0x3a1 /home/pierre/stm32f103c8t6/libopencm3/lib/libopencm3_stm32f1.a(vector.o)
 .debug_macro   0x0000000000003d98       0x6a /home/pierre/stm32f103c8t6/libopencm3/lib/libopencm3_stm32f1.a(vector.o)
 .debug_macro   0x0000000000003e02      0x1a2 /home/pierre/stm32f103c8t6/libopencm3/lib/libopencm3_stm32f1.a(vector.o)
 .debug_macro   0x0000000000003fa4       0xb4 /home/pierre/stm32f103c8t6/libopencm3/lib/libopencm3_stm32f1.a(nvic.o)
 .debug_macro   0x0000000000004058       0x64 /home/pierre/stm32f103c8t6/libopencm3/lib/libopencm3_stm32f1.a(nvic.o)
 .debug_macro   0x00000000000040bc      0x1b0 /home/pierre/stm32f103c8t6/libopencm3/lib/libopencm3_stm32f1.a(nvic.o)
